Archive member included because of file (symbol)

c:/program files/atmel/atmel toolchain/avr8 gcc/native/3.4.1061/avr8-gnu-toolchain/bin/../lib/gcc/avr/4.8.1/avr4\libgcc.a(_divmodsi4.o)
                              hd44780.o (__divmodsi4)
c:/program files/atmel/atmel toolchain/avr8 gcc/native/3.4.1061/avr8-gnu-toolchain/bin/../lib/gcc/avr/4.8.1/avr4\libgcc.a(_negsi2.o)
                              c:/program files/atmel/atmel toolchain/avr8 gcc/native/3.4.1061/avr8-gnu-toolchain/bin/../lib/gcc/avr/4.8.1/avr4\libgcc.a(_divmodsi4.o) (__negsi2)
c:/program files/atmel/atmel toolchain/avr8 gcc/native/3.4.1061/avr8-gnu-toolchain/bin/../lib/gcc/avr/4.8.1/avr4\libgcc.a(_exit.o)
                              c:/program files/atmel/atmel toolchain/avr8 gcc/native/3.4.1061/avr8-gnu-toolchain/bin/../lib/gcc/avr/4.8.1/../../../../avr/lib/avr4/crtm8.o (exit)
c:/program files/atmel/atmel toolchain/avr8 gcc/native/3.4.1061/avr8-gnu-toolchain/bin/../lib/gcc/avr/4.8.1/avr4\libgcc.a(_copy_data.o)
                              hd44780.o (__do_copy_data)
c:/program files/atmel/atmel toolchain/avr8 gcc/native/3.4.1061/avr8-gnu-toolchain/bin/../lib/gcc/avr/4.8.1/avr4\libgcc.a(_clear_bss.o)
                              hd44780.o (__do_clear_bss)
c:/program files/atmel/atmel toolchain/avr8 gcc/native/3.4.1061/avr8-gnu-toolchain/bin/../lib/gcc/avr/4.8.1/avr4\libgcc.a(_umulhisi3.o)
                              hd44780.o (__umulhisi3)
c:/program files/atmel/atmel toolchain/avr8 gcc/native/3.4.1061/avr8-gnu-toolchain/bin/../lib/gcc/avr/4.8.1/avr4\libgcc.a(_udivmodsi4.o)
                              c:/program files/atmel/atmel toolchain/avr8 gcc/native/3.4.1061/avr8-gnu-toolchain/bin/../lib/gcc/avr/4.8.1/avr4\libgcc.a(_divmodsi4.o) (__udivmodsi4)
c:/program files/atmel/atmel toolchain/avr8 gcc/native/3.4.1061/avr8-gnu-toolchain/bin/../lib/gcc/avr/4.8.1/../../../../avr/lib/avr4\libc.a(eerd_byte_atmega8.o)
                              TP-Meter.o (__eerd_byte_m8)
c:/program files/atmel/atmel toolchain/avr8 gcc/native/3.4.1061/avr8-gnu-toolchain/bin/../lib/gcc/avr/4.8.1/../../../../avr/lib/avr4\libc.a(eerd_word_atmega8.o)
                              TP-Meter.o (__eerd_word_m8)
c:/program files/atmel/atmel toolchain/avr8 gcc/native/3.4.1061/avr8-gnu-toolchain/bin/../lib/gcc/avr/4.8.1/../../../../avr/lib/avr4\libc.a(eewr_byte_atmega8.o)
                              TP-Meter.o (__eewr_byte_m8)
c:/program files/atmel/atmel toolchain/avr8 gcc/native/3.4.1061/avr8-gnu-toolchain/bin/../lib/gcc/avr/4.8.1/../../../../avr/lib/avr4\libc.a(eewr_word_atmega8.o)
                              TP-Meter.o (__eewr_word_m8)
c:/program files/atmel/atmel toolchain/avr8 gcc/native/3.4.1061/avr8-gnu-toolchain/bin/../lib/gcc/avr/4.8.1/../../../../avr/lib/avr4\libc.a(eerd_block_atmega8.o)
                              c:/program files/atmel/atmel toolchain/avr8 gcc/native/3.4.1061/avr8-gnu-toolchain/bin/../lib/gcc/avr/4.8.1/../../../../avr/lib/avr4\libc.a(eerd_word_atmega8.o) (__eerd_blraw_m8)

Allocating common symbols
Common symbol       size              file

rom                 0x8               TP-Meter.o
allDevices          0x10              TP-Meter.o

Discarded input sections

 .data          0x00000000        0x0 c:/program files/atmel/atmel toolchain/avr8 gcc/native/3.4.1061/avr8-gnu-toolchain/bin/../lib/gcc/avr/4.8.1/../../../../avr/lib/avr4/crtm8.o
 .bss           0x00000000        0x0 c:/program files/atmel/atmel toolchain/avr8 gcc/native/3.4.1061/avr8-gnu-toolchain/bin/../lib/gcc/avr/4.8.1/../../../../avr/lib/avr4/crtm8.o
 .text          0x00000000        0x0 hd44780.o
 .data          0x00000000        0x0 hd44780.o
 .bss           0x00000000        0x0 hd44780.o
 .text.lcd_drawchar
                0x00000000       0x20 hd44780.o
 .text.lcd_backspace
                0x00000000       0x16 hd44780.o
 .text.lcd_scroll
                0x00000000       0x1c hd44780.o
 .text.lcd_clearbar
                0x00000000       0x2a hd44780.o
 .text          0x00000000        0x0 OWIcrc.o
 .data          0x00000000        0x0 OWIcrc.o
 .bss           0x00000000        0x0 OWIcrc.o
 .text.OWI_ComputeCRC16
                0x00000000       0x28 OWIcrc.o
 .text          0x00000000        0x0 OWIHighLevelFunctions.o
 .data          0x00000000        0x0 OWIHighLevelFunctions.o
 .bss           0x00000000        0x0 OWIHighLevelFunctions.o
 .text.OWI_SkipRom
                0x00000000        0x8 OWIHighLevelFunctions.o
 .text.OWI_ReadRom
                0x00000000       0x30 OWIHighLevelFunctions.o
 .text.FindFamily
                0x00000000       0x36 OWIHighLevelFunctions.o
 .text          0x00000000        0x0 OWISWBitFunctions.o
 .data          0x00000000        0x0 OWISWBitFunctions.o
 .bss           0x00000000        0x0 OWISWBitFunctions.o
 .text          0x00000000        0x0 OWIUARTBitFunctions.o
 .data          0x00000000        0x0 OWIUARTBitFunctions.o
 .bss           0x00000000        0x0 OWIUARTBitFunctions.o
 .debug_info    0x00000000       0x56 OWIUARTBitFunctions.o
 .debug_abbrev  0x00000000       0x26 OWIUARTBitFunctions.o
 .debug_aranges
                0x00000000       0x18 OWIUARTBitFunctions.o
 .debug_line    0x00000000       0x1a OWIUARTBitFunctions.o
 .debug_str     0x00000000      0x140 OWIUARTBitFunctions.o
 .comment       0x00000000       0x31 OWIUARTBitFunctions.o
 .text          0x00000000        0x0 TP-Meter.o
 .data          0x00000000        0x0 TP-Meter.o
 .bss           0x00000000        0x0 TP-Meter.o
 .text.buzz     0x00000000       0x10 TP-Meter.o
 .text          0x00000000        0x0 c:/program files/atmel/atmel toolchain/avr8 gcc/native/3.4.1061/avr8-gnu-toolchain/bin/../lib/gcc/avr/4.8.1/avr4\libgcc.a(_divmodsi4.o)
 .data          0x00000000        0x0 c:/program files/atmel/atmel toolchain/avr8 gcc/native/3.4.1061/avr8-gnu-toolchain/bin/../lib/gcc/avr/4.8.1/avr4\libgcc.a(_divmodsi4.o)
 .bss           0x00000000        0x0 c:/program files/atmel/atmel toolchain/avr8 gcc/native/3.4.1061/avr8-gnu-toolchain/bin/../lib/gcc/avr/4.8.1/avr4\libgcc.a(_divmodsi4.o)
 .text.libgcc.mul
                0x00000000        0x0 c:/program files/atmel/atmel toolchain/avr8 gcc/native/3.4.1061/avr8-gnu-toolchain/bin/../lib/gcc/avr/4.8.1/avr4\libgcc.a(_divmodsi4.o)
 .text.libgcc   0x00000000        0x0 c:/program files/atmel/atmel toolchain/avr8 gcc/native/3.4.1061/avr8-gnu-toolchain/bin/../lib/gcc/avr/4.8.1/avr4\libgcc.a(_divmodsi4.o)
 .text.libgcc.prologue
                0x00000000        0x0 c:/program files/atmel/atmel toolchain/avr8 gcc/native/3.4.1061/avr8-gnu-toolchain/bin/../lib/gcc/avr/4.8.1/avr4\libgcc.a(_divmodsi4.o)
 .text.libgcc.builtins
                0x00000000        0x0 c:/program files/atmel/atmel toolchain/avr8 gcc/native/3.4.1061/avr8-gnu-toolchain/bin/../lib/gcc/avr/4.8.1/avr4\libgcc.a(_divmodsi4.o)
 .text.libgcc.fmul
                0x00000000        0x0 c:/program files/atmel/atmel toolchain/avr8 gcc/native/3.4.1061/avr8-gnu-toolchain/bin/../lib/gcc/avr/4.8.1/avr4\libgcc.a(_divmodsi4.o)
 .text.libgcc.fixed
                0x00000000        0x0 c:/program files/atmel/atmel toolchain/avr8 gcc/native/3.4.1061/avr8-gnu-toolchain/bin/../lib/gcc/avr/4.8.1/avr4\libgcc.a(_divmodsi4.o)
 .text          0x00000000        0x0 c:/program files/atmel/atmel toolchain/avr8 gcc/native/3.4.1061/avr8-gnu-toolchain/bin/../lib/gcc/avr/4.8.1/avr4\libgcc.a(_negsi2.o)
 .data          0x00000000        0x0 c:/program files/atmel/atmel toolchain/avr8 gcc/native/3.4.1061/avr8-gnu-toolchain/bin/../lib/gcc/avr/4.8.1/avr4\libgcc.a(_negsi2.o)
 .bss           0x00000000        0x0 c:/program files/atmel/atmel toolchain/avr8 gcc/native/3.4.1061/avr8-gnu-toolchain/bin/../lib/gcc/avr/4.8.1/avr4\libgcc.a(_negsi2.o)
 .text.libgcc.mul
                0x00000000        0x0 c:/program files/atmel/atmel toolchain/avr8 gcc/native/3.4.1061/avr8-gnu-toolchain/bin/../lib/gcc/avr/4.8.1/avr4\libgcc.a(_negsi2.o)
 .text.libgcc   0x00000000        0x0 c:/program files/atmel/atmel toolchain/avr8 gcc/native/3.4.1061/avr8-gnu-toolchain/bin/../lib/gcc/avr/4.8.1/avr4\libgcc.a(_negsi2.o)
 .text.libgcc.prologue
                0x00000000        0x0 c:/program files/atmel/atmel toolchain/avr8 gcc/native/3.4.1061/avr8-gnu-toolchain/bin/../lib/gcc/avr/4.8.1/avr4\libgcc.a(_negsi2.o)
 .text.libgcc.builtins
                0x00000000        0x0 c:/program files/atmel/atmel toolchain/avr8 gcc/native/3.4.1061/avr8-gnu-toolchain/bin/../lib/gcc/avr/4.8.1/avr4\libgcc.a(_negsi2.o)
 .text.libgcc.fmul
                0x00000000        0x0 c:/program files/atmel/atmel toolchain/avr8 gcc/native/3.4.1061/avr8-gnu-toolchain/bin/../lib/gcc/avr/4.8.1/avr4\libgcc.a(_negsi2.o)
 .text.libgcc.fixed
                0x00000000        0x0 c:/program files/atmel/atmel toolchain/avr8 gcc/native/3.4.1061/avr8-gnu-toolchain/bin/../lib/gcc/avr/4.8.1/avr4\libgcc.a(_negsi2.o)
 .text          0x00000000        0x0 c:/program files/atmel/atmel toolchain/avr8 gcc/native/3.4.1061/avr8-gnu-toolchain/bin/../lib/gcc/avr/4.8.1/avr4\libgcc.a(_exit.o)
 .data          0x00000000        0x0 c:/program files/atmel/atmel toolchain/avr8 gcc/native/3.4.1061/avr8-gnu-toolchain/bin/../lib/gcc/avr/4.8.1/avr4\libgcc.a(_exit.o)
 .bss           0x00000000        0x0 c:/program files/atmel/atmel toolchain/avr8 gcc/native/3.4.1061/avr8-gnu-toolchain/bin/../lib/gcc/avr/4.8.1/avr4\libgcc.a(_exit.o)
 .text.libgcc.mul
                0x00000000        0x0 c:/program files/atmel/atmel toolchain/avr8 gcc/native/3.4.1061/avr8-gnu-toolchain/bin/../lib/gcc/avr/4.8.1/avr4\libgcc.a(_exit.o)
 .text.libgcc.div
                0x00000000        0x0 c:/program files/atmel/atmel toolchain/avr8 gcc/native/3.4.1061/avr8-gnu-toolchain/bin/../lib/gcc/avr/4.8.1/avr4\libgcc.a(_exit.o)
 .text.libgcc   0x00000000        0x0 c:/program files/atmel/atmel toolchain/avr8 gcc/native/3.4.1061/avr8-gnu-toolchain/bin/../lib/gcc/avr/4.8.1/avr4\libgcc.a(_exit.o)
 .text.libgcc.prologue
                0x00000000        0x0 c:/program files/atmel/atmel toolchain/avr8 gcc/native/3.4.1061/avr8-gnu-toolchain/bin/../lib/gcc/avr/4.8.1/avr4\libgcc.a(_exit.o)
 .text.libgcc.builtins
                0x00000000        0x0 c:/program files/atmel/atmel toolchain/avr8 gcc/native/3.4.1061/avr8-gnu-toolchain/bin/../lib/gcc/avr/4.8.1/avr4\libgcc.a(_exit.o)
 .text.libgcc.fmul
                0x00000000        0x0 c:/program files/atmel/atmel toolchain/avr8 gcc/native/3.4.1061/avr8-gnu-toolchain/bin/../lib/gcc/avr/4.8.1/avr4\libgcc.a(_exit.o)
 .text.libgcc.fixed
                0x00000000        0x0 c:/program files/atmel/atmel toolchain/avr8 gcc/native/3.4.1061/avr8-gnu-toolchain/bin/../lib/gcc/avr/4.8.1/avr4\libgcc.a(_exit.o)
 .text          0x00000000        0x0 c:/program files/atmel/atmel toolchain/avr8 gcc/native/3.4.1061/avr8-gnu-toolchain/bin/../lib/gcc/avr/4.8.1/avr4\libgcc.a(_copy_data.o)
 .data          0x00000000        0x0 c:/program files/atmel/atmel toolchain/avr8 gcc/native/3.4.1061/avr8-gnu-toolchain/bin/../lib/gcc/avr/4.8.1/avr4\libgcc.a(_copy_data.o)
 .bss           0x00000000        0x0 c:/program files/atmel/atmel toolchain/avr8 gcc/native/3.4.1061/avr8-gnu-toolchain/bin/../lib/gcc/avr/4.8.1/avr4\libgcc.a(_copy_data.o)
 .text.libgcc.mul
                0x00000000        0x0 c:/program files/atmel/atmel toolchain/avr8 gcc/native/3.4.1061/avr8-gnu-toolchain/bin/../lib/gcc/avr/4.8.1/avr4\libgcc.a(_copy_data.o)
 .text.libgcc.div
                0x00000000        0x0 c:/program files/atmel/atmel toolchain/avr8 gcc/native/3.4.1061/avr8-gnu-toolchain/bin/../lib/gcc/avr/4.8.1/avr4\libgcc.a(_copy_data.o)
 .text.libgcc   0x00000000        0x0 c:/program files/atmel/atmel toolchain/avr8 gcc/native/3.4.1061/avr8-gnu-toolchain/bin/../lib/gcc/avr/4.8.1/avr4\libgcc.a(_copy_data.o)
 .text.libgcc.prologue
                0x00000000        0x0 c:/program files/atmel/atmel toolchain/avr8 gcc/native/3.4.1061/avr8-gnu-toolchain/bin/../lib/gcc/avr/4.8.1/avr4\libgcc.a(_copy_data.o)
 .text.libgcc.builtins
                0x00000000        0x0 c:/program files/atmel/atmel toolchain/avr8 gcc/native/3.4.1061/avr8-gnu-toolchain/bin/../lib/gcc/avr/4.8.1/avr4\libgcc.a(_copy_data.o)
 .text.libgcc.fmul
                0x00000000        0x0 c:/program files/atmel/atmel toolchain/avr8 gcc/native/3.4.1061/avr8-gnu-toolchain/bin/../lib/gcc/avr/4.8.1/avr4\libgcc.a(_copy_data.o)
 .text.libgcc.fixed
                0x00000000        0x0 c:/program files/atmel/atmel toolchain/avr8 gcc/native/3.4.1061/avr8-gnu-toolchain/bin/../lib/gcc/avr/4.8.1/avr4\libgcc.a(_copy_data.o)
 .text          0x00000000        0x0 c:/program files/atmel/atmel toolchain/avr8 gcc/native/3.4.1061/avr8-gnu-toolchain/bin/../lib/gcc/avr/4.8.1/avr4\libgcc.a(_clear_bss.o)
 .data          0x00000000        0x0 c:/program files/atmel/atmel toolchain/avr8 gcc/native/3.4.1061/avr8-gnu-toolchain/bin/../lib/gcc/avr/4.8.1/avr4\libgcc.a(_clear_bss.o)
 .bss           0x00000000        0x0 c:/program files/atmel/atmel toolchain/avr8 gcc/native/3.4.1061/avr8-gnu-toolchain/bin/../lib/gcc/avr/4.8.1/avr4\libgcc.a(_clear_bss.o)
 .text.libgcc.mul
                0x00000000        0x0 c:/program files/atmel/atmel toolchain/avr8 gcc/native/3.4.1061/avr8-gnu-toolchain/bin/../lib/gcc/avr/4.8.1/avr4\libgcc.a(_clear_bss.o)
 .text.libgcc.div
                0x00000000        0x0 c:/program files/atmel/atmel toolchain/avr8 gcc/native/3.4.1061/avr8-gnu-toolchain/bin/../lib/gcc/avr/4.8.1/avr4\libgcc.a(_clear_bss.o)
 .text.libgcc   0x00000000        0x0 c:/program files/atmel/atmel toolchain/avr8 gcc/native/3.4.1061/avr8-gnu-toolchain/bin/../lib/gcc/avr/4.8.1/avr4\libgcc.a(_clear_bss.o)
 .text.libgcc.prologue
                0x00000000        0x0 c:/program files/atmel/atmel toolchain/avr8 gcc/native/3.4.1061/avr8-gnu-toolchain/bin/../lib/gcc/avr/4.8.1/avr4\libgcc.a(_clear_bss.o)
 .text.libgcc.builtins
                0x00000000        0x0 c:/program files/atmel/atmel toolchain/avr8 gcc/native/3.4.1061/avr8-gnu-toolchain/bin/../lib/gcc/avr/4.8.1/avr4\libgcc.a(_clear_bss.o)
 .text.libgcc.fmul
                0x00000000        0x0 c:/program files/atmel/atmel toolchain/avr8 gcc/native/3.4.1061/avr8-gnu-toolchain/bin/../lib/gcc/avr/4.8.1/avr4\libgcc.a(_clear_bss.o)
 .text.libgcc.fixed
                0x00000000        0x0 c:/program files/atmel/atmel toolchain/avr8 gcc/native/3.4.1061/avr8-gnu-toolchain/bin/../lib/gcc/avr/4.8.1/avr4\libgcc.a(_clear_bss.o)
 .text          0x00000000        0x0 c:/program files/atmel/atmel toolchain/avr8 gcc/native/3.4.1061/avr8-gnu-toolchain/bin/../lib/gcc/avr/4.8.1/avr4\libgcc.a(_umulhisi3.o)
 .data          0x00000000        0x0 c:/program files/atmel/atmel toolchain/avr8 gcc/native/3.4.1061/avr8-gnu-toolchain/bin/../lib/gcc/avr/4.8.1/avr4\libgcc.a(_umulhisi3.o)
 .bss           0x00000000        0x0 c:/program files/atmel/atmel toolchain/avr8 gcc/native/3.4.1061/avr8-gnu-toolchain/bin/../lib/gcc/avr/4.8.1/avr4\libgcc.a(_umulhisi3.o)
 .text.libgcc.div
                0x00000000        0x0 c:/program files/atmel/atmel toolchain/avr8 gcc/native/3.4.1061/avr8-gnu-toolchain/bin/../lib/gcc/avr/4.8.1/avr4\libgcc.a(_umulhisi3.o)
 .text.libgcc   0x00000000        0x0 c:/program files/atmel/atmel toolchain/avr8 gcc/native/3.4.1061/avr8-gnu-toolchain/bin/../lib/gcc/avr/4.8.1/avr4\libgcc.a(_umulhisi3.o)
 .text.libgcc.prologue
                0x00000000        0x0 c:/program files/atmel/atmel toolchain/avr8 gcc/native/3.4.1061/avr8-gnu-toolchain/bin/../lib/gcc/avr/4.8.1/avr4\libgcc.a(_umulhisi3.o)
 .text.libgcc.builtins
                0x00000000        0x0 c:/program files/atmel/atmel toolchain/avr8 gcc/native/3.4.1061/avr8-gnu-toolchain/bin/../lib/gcc/avr/4.8.1/avr4\libgcc.a(_umulhisi3.o)
 .text.libgcc.fmul
                0x00000000        0x0 c:/program files/atmel/atmel toolchain/avr8 gcc/native/3.4.1061/avr8-gnu-toolchain/bin/../lib/gcc/avr/4.8.1/avr4\libgcc.a(_umulhisi3.o)
 .text.libgcc.fixed
                0x00000000        0x0 c:/program files/atmel/atmel toolchain/avr8 gcc/native/3.4.1061/avr8-gnu-toolchain/bin/../lib/gcc/avr/4.8.1/avr4\libgcc.a(_umulhisi3.o)
 .text          0x00000000        0x0 c:/program files/atmel/atmel toolchain/avr8 gcc/native/3.4.1061/avr8-gnu-toolchain/bin/../lib/gcc/avr/4.8.1/avr4\libgcc.a(_udivmodsi4.o)
 .data          0x00000000        0x0 c:/program files/atmel/atmel toolchain/avr8 gcc/native/3.4.1061/avr8-gnu-toolchain/bin/../lib/gcc/avr/4.8.1/avr4\libgcc.a(_udivmodsi4.o)
 .bss           0x00000000        0x0 c:/program files/atmel/atmel toolchain/avr8 gcc/native/3.4.1061/avr8-gnu-toolchain/bin/../lib/gcc/avr/4.8.1/avr4\libgcc.a(_udivmodsi4.o)
 .text.libgcc.mul
                0x00000000        0x0 c:/program files/atmel/atmel toolchain/avr8 gcc/native/3.4.1061/avr8-gnu-toolchain/bin/../lib/gcc/avr/4.8.1/avr4\libgcc.a(_udivmodsi4.o)
 .text.libgcc   0x00000000        0x0 c:/program files/atmel/atmel toolchain/avr8 gcc/native/3.4.1061/avr8-gnu-toolchain/bin/../lib/gcc/avr/4.8.1/avr4\libgcc.a(_udivmodsi4.o)
 .text.libgcc.prologue
                0x00000000        0x0 c:/program files/atmel/atmel toolchain/avr8 gcc/native/3.4.1061/avr8-gnu-toolchain/bin/../lib/gcc/avr/4.8.1/avr4\libgcc.a(_udivmodsi4.o)
 .text.libgcc.builtins
                0x00000000        0x0 c:/program files/atmel/atmel toolchain/avr8 gcc/native/3.4.1061/avr8-gnu-toolchain/bin/../lib/gcc/avr/4.8.1/avr4\libgcc.a(_udivmodsi4.o)
 .text.libgcc.fmul
                0x00000000        0x0 c:/program files/atmel/atmel toolchain/avr8 gcc/native/3.4.1061/avr8-gnu-toolchain/bin/../lib/gcc/avr/4.8.1/avr4\libgcc.a(_udivmodsi4.o)
 .text.libgcc.fixed
                0x00000000        0x0 c:/program files/atmel/atmel toolchain/avr8 gcc/native/3.4.1061/avr8-gnu-toolchain/bin/../lib/gcc/avr/4.8.1/avr4\libgcc.a(_udivmodsi4.o)
 .text          0x00000000        0x0 c:/program files/atmel/atmel toolchain/avr8 gcc/native/3.4.1061/avr8-gnu-toolchain/bin/../lib/gcc/avr/4.8.1/../../../../avr/lib/avr4\libc.a(eerd_byte_atmega8.o)
 .data          0x00000000        0x0 c:/program files/atmel/atmel toolchain/avr8 gcc/native/3.4.1061/avr8-gnu-toolchain/bin/../lib/gcc/avr/4.8.1/../../../../avr/lib/avr4\libc.a(eerd_byte_atmega8.o)
 .bss           0x00000000        0x0 c:/program files/atmel/atmel toolchain/avr8 gcc/native/3.4.1061/avr8-gnu-toolchain/bin/../lib/gcc/avr/4.8.1/../../../../avr/lib/avr4\libc.a(eerd_byte_atmega8.o)
 .text          0x00000000        0x0 c:/program files/atmel/atmel toolchain/avr8 gcc/native/3.4.1061/avr8-gnu-toolchain/bin/../lib/gcc/avr/4.8.1/../../../../avr/lib/avr4\libc.a(eerd_word_atmega8.o)
 .data          0x00000000        0x0 c:/program files/atmel/atmel toolchain/avr8 gcc/native/3.4.1061/avr8-gnu-toolchain/bin/../lib/gcc/avr/4.8.1/../../../../avr/lib/avr4\libc.a(eerd_word_atmega8.o)
 .bss           0x00000000        0x0 c:/program files/atmel/atmel toolchain/avr8 gcc/native/3.4.1061/avr8-gnu-toolchain/bin/../lib/gcc/avr/4.8.1/../../../../avr/lib/avr4\libc.a(eerd_word_atmega8.o)
 .text          0x00000000        0x0 c:/program files/atmel/atmel toolchain/avr8 gcc/native/3.4.1061/avr8-gnu-toolchain/bin/../lib/gcc/avr/4.8.1/../../../../avr/lib/avr4\libc.a(eewr_byte_atmega8.o)
 .data          0x00000000        0x0 c:/program files/atmel/atmel toolchain/avr8 gcc/native/3.4.1061/avr8-gnu-toolchain/bin/../lib/gcc/avr/4.8.1/../../../../avr/lib/avr4\libc.a(eewr_byte_atmega8.o)
 .bss           0x00000000        0x0 c:/program files/atmel/atmel toolchain/avr8 gcc/native/3.4.1061/avr8-gnu-toolchain/bin/../lib/gcc/avr/4.8.1/../../../../avr/lib/avr4\libc.a(eewr_byte_atmega8.o)
 .text          0x00000000        0x0 c:/program files/atmel/atmel toolchain/avr8 gcc/native/3.4.1061/avr8-gnu-toolchain/bin/../lib/gcc/avr/4.8.1/../../../../avr/lib/avr4\libc.a(eewr_word_atmega8.o)
 .data          0x00000000        0x0 c:/program files/atmel/atmel toolchain/avr8 gcc/native/3.4.1061/avr8-gnu-toolchain/bin/../lib/gcc/avr/4.8.1/../../../../avr/lib/avr4\libc.a(eewr_word_atmega8.o)
 .bss           0x00000000        0x0 c:/program files/atmel/atmel toolchain/avr8 gcc/native/3.4.1061/avr8-gnu-toolchain/bin/../lib/gcc/avr/4.8.1/../../../../avr/lib/avr4\libc.a(eewr_word_atmega8.o)
 .text          0x00000000        0x0 c:/program files/atmel/atmel toolchain/avr8 gcc/native/3.4.1061/avr8-gnu-toolchain/bin/../lib/gcc/avr/4.8.1/../../../../avr/lib/avr4\libc.a(eerd_block_atmega8.o)
 .data          0x00000000        0x0 c:/program files/atmel/atmel toolchain/avr8 gcc/native/3.4.1061/avr8-gnu-toolchain/bin/../lib/gcc/avr/4.8.1/../../../../avr/lib/avr4\libc.a(eerd_block_atmega8.o)
 .bss           0x00000000        0x0 c:/program files/atmel/atmel toolchain/avr8 gcc/native/3.4.1061/avr8-gnu-toolchain/bin/../lib/gcc/avr/4.8.1/../../../../avr/lib/avr4\libc.a(eerd_block_atmega8.o)

Memory Configuration

Name             Origin             Length             Attributes
text             0x00000000         0x00002000         xr
data             0x00800060         0x0000ffa0         rw !x
eeprom           0x00810000         0x00010000         rw !x
fuse             0x00820000         0x00000400         rw !x
lock             0x00830000         0x00000400         rw !x
signature        0x00840000         0x00000400         rw !x
user_signatures  0x00850000         0x00000400         rw !x
*default*        0x00000000         0xffffffff

Linker script and memory map

LOAD c:/program files/atmel/atmel toolchain/avr8 gcc/native/3.4.1061/avr8-gnu-toolchain/bin/../lib/gcc/avr/4.8.1/../../../../avr/lib/avr4/crtm8.o
LOAD hd44780.o
LOAD OWIcrc.o
LOAD OWIHighLevelFunctions.o
LOAD OWISWBitFunctions.o
LOAD OWIUARTBitFunctions.o
LOAD TP-Meter.o
START GROUP
LOAD c:/program files/atmel/atmel toolchain/avr8 gcc/native/3.4.1061/avr8-gnu-toolchain/bin/../lib/gcc/avr/4.8.1/../../../../avr/lib/avr4\libm.a
END GROUP
START GROUP
LOAD c:/program files/atmel/atmel toolchain/avr8 gcc/native/3.4.1061/avr8-gnu-toolchain/bin/../lib/gcc/avr/4.8.1/avr4\libgcc.a
LOAD c:/program files/atmel/atmel toolchain/avr8 gcc/native/3.4.1061/avr8-gnu-toolchain/bin/../lib/gcc/avr/4.8.1/../../../../avr/lib/avr4\libm.a
LOAD c:/program files/atmel/atmel toolchain/avr8 gcc/native/3.4.1061/avr8-gnu-toolchain/bin/../lib/gcc/avr/4.8.1/../../../../avr/lib/avr4\libc.a
END GROUP

.hash
 *(.hash)

.dynsym
 *(.dynsym)

.dynstr
 *(.dynstr)

.gnu.version
 *(.gnu.version)

.gnu.version_d
 *(.gnu.version_d)

.gnu.version_r
 *(.gnu.version_r)

.rel.init
 *(.rel.init)

.rela.init
 *(.rela.init)

.rel.text
 *(.rel.text)
 *(.rel.text.*)
 *(.rel.gnu.linkonce.t*)

.rela.text
 *(.rela.text)
 *(.rela.text.*)
 *(.rela.gnu.linkonce.t*)

.rel.fini
 *(.rel.fini)

.rela.fini
 *(.rela.fini)

.rel.rodata
 *(.rel.rodata)
 *(.rel.rodata.*)
 *(.rel.gnu.linkonce.r*)

.rela.rodata
 *(.rela.rodata)
 *(.rela.rodata.*)
 *(.rela.gnu.linkonce.r*)

.rel.data
 *(.rel.data)
 *(.rel.data.*)
 *(.rel.gnu.linkonce.d*)

.rela.data
 *(.rela.data)
 *(.rela.data.*)
 *(.rela.gnu.linkonce.d*)

.rel.ctors
 *(.rel.ctors)

.rela.ctors
 *(.rela.ctors)

.rel.dtors
 *(.rel.dtors)

.rela.dtors
 *(.rela.dtors)

.rel.got
 *(.rel.got)

.rela.got
 *(.rela.got)

.rel.bss
 *(.rel.bss)

.rela.bss
 *(.rela.bss)

.rel.plt
 *(.rel.plt)

.rela.plt
 *(.rela.plt)

.text           0x00000000     0x15bc
 *(.vectors)
 .vectors       0x00000000       0x26 c:/program files/atmel/atmel toolchain/avr8 gcc/native/3.4.1061/avr8-gnu-toolchain/bin/../lib/gcc/avr/4.8.1/../../../../avr/lib/avr4/crtm8.o
                0x00000000                __vector_default
                0x00000000                __vectors
 *(.vectors)
 *(.progmem.gcc*)
 .progmem.gcc_sw_table.settings
                0x00000026        0xe TP-Meter.o
 .progmem.gcc_sw_table.buttons_check
                0x00000034       0x1c TP-Meter.o
                0x00000050                . = ALIGN (0x2)
                0x00000050                __trampolines_start = .
 *(.trampolines)
 .trampolines   0x00000050        0x0 linker stubs
 *(.trampolines*)
                0x00000050                __trampolines_end = .
 *(.progmem*)
                0x00000050                . = ALIGN (0x2)
 *(.jumptables)
 *(.jumptables*)
 *(.lowtext)
 *(.lowtext*)
                0x00000050                __ctors_start = .
 *(.ctors)
                0x00000050                __ctors_end = .
                0x00000050                __dtors_start = .
 *(.dtors)
                0x00000050                __dtors_end = .
 SORT(*)(.ctors)
 SORT(*)(.dtors)
 *(.init0)
 .init0         0x00000050        0x0 c:/program files/atmel/atmel toolchain/avr8 gcc/native/3.4.1061/avr8-gnu-toolchain/bin/../lib/gcc/avr/4.8.1/../../../../avr/lib/avr4/crtm8.o
                0x00000050                __init
 *(.init0)
 *(.init1)
 *(.init1)
 *(.init2)
 .init2         0x00000050        0xc c:/program files/atmel/atmel toolchain/avr8 gcc/native/3.4.1061/avr8-gnu-toolchain/bin/../lib/gcc/avr/4.8.1/../../../../avr/lib/avr4/crtm8.o
 *(.init2)
 *(.init3)
 *(.init3)
 *(.init4)
 .init4         0x0000005c       0x16 c:/program files/atmel/atmel toolchain/avr8 gcc/native/3.4.1061/avr8-gnu-toolchain/bin/../lib/gcc/avr/4.8.1/avr4\libgcc.a(_copy_data.o)
                0x0000005c                __do_copy_data
 .init4         0x00000072       0x10 c:/program files/atmel/atmel toolchain/avr8 gcc/native/3.4.1061/avr8-gnu-toolchain/bin/../lib/gcc/avr/4.8.1/avr4\libgcc.a(_clear_bss.o)
                0x00000072                __do_clear_bss
 *(.init4)
 *(.init5)
 *(.init5)
 *(.init6)
 *(.init6)
 *(.init7)
 *(.init7)
 *(.init8)
 *(.init8)
 *(.init9)
 .init9         0x00000082        0x4 c:/program files/atmel/atmel toolchain/avr8 gcc/native/3.4.1061/avr8-gnu-toolchain/bin/../lib/gcc/avr/4.8.1/../../../../avr/lib/avr4/crtm8.o
 *(.init9)
 *(.text)
 .text          0x00000086        0x2 c:/program files/atmel/atmel toolchain/avr8 gcc/native/3.4.1061/avr8-gnu-toolchain/bin/../lib/gcc/avr/4.8.1/../../../../avr/lib/avr4/crtm8.o
                0x00000086                __vector_1
                0x00000086                __vector_12
                0x00000086                __bad_interrupt
                0x00000086                __vector_6
                0x00000086                __vector_3
                0x00000086                __vector_11
                0x00000086                __vector_13
                0x00000086                __vector_17
                0x00000086                __vector_7
                0x00000086                __vector_5
                0x00000086                __vector_4
                0x00000086                __vector_2
                0x00000086                __vector_15
                0x00000086                __vector_8
                0x00000086                __vector_14
                0x00000086                __vector_10
                0x00000086                __vector_16
                0x00000086                __vector_18
                0x00000088                . = ALIGN (0x2)
 *(.text.*)
 .text.DELAY    0x00000088       0x70 hd44780.o
 .text.LCD_STROBE
                0x000000f8       0x1a hd44780.o
 .text.HIGHBITS
                0x00000112       0x2a hd44780.o
 .text.LOWBITS  0x0000013c       0x2a hd44780.o
 .text.lcd_cmd  0x00000166       0x22 hd44780.o
                0x00000166                lcd_cmd
 .text.lcd_clrscr
                0x00000188        0xa hd44780.o
                0x00000188                lcd_clrscr
 .text.lcd_return
                0x00000192        0xa hd44780.o
                0x00000192                lcd_return
 .text.lcd_goto
                0x0000019c       0x32 hd44780.o
                0x0000019c                lcd_goto
 .text.lcd_prints
                0x000001ce       0x54 hd44780.o
                0x000001ce                lcd_prints
 .text.lcd_putc
                0x00000222        0xc hd44780.o
                0x00000222                lcd_putc
 .text.lcd_load
                0x0000022e       0x30 hd44780.o
                0x0000022e                lcd_load
 .text.cursor_shift
                0x0000025e       0x1c hd44780.o
                0x0000025e                cursor_shift
 .text.lcd_itostr
                0x0000027a      0x12a hd44780.o
                0x0000027a                lcd_itostr
 .text.lcd_numTOstr
                0x000003a4      0x114 hd44780.o
                0x000003a4                lcd_numTOstr
 .text.lcd_readybar
                0x000004b8       0x40 hd44780.o
                0x000004b8                lcd_readybar
 .text.lcd_drawbar
                0x000004f8       0xc2 hd44780.o
                0x000004f8                lcd_drawbar
 .text.lcd_config
                0x000005ba       0x20 hd44780.o
                0x000005ba                lcd_config
 .text.lcd_init
                0x000005da       0x28 hd44780.o
                0x000005da                lcd_init
 .text.OWI_ComputeCRC8
                0x00000602       0x20 OWIcrc.o
                0x00000602                OWI_ComputeCRC8
 .text.OWI_CheckRomCRC
                0x00000622       0x3e OWIcrc.o
                0x00000622                OWI_CheckRomCRC
 .text.OWI_CheckScratchPadCRC
                0x00000660       0x3e OWIcrc.o
                0x00000660                OWI_CheckScratchPadCRC
 .text.OWI_SendByte
                0x0000069e       0x28 OWIHighLevelFunctions.o
                0x0000069e                OWI_SendByte
 .text.OWI_ReceiveByte
                0x000006c6       0x24 OWIHighLevelFunctions.o
                0x000006c6                OWI_ReceiveByte
 .text.OWI_MatchRom
                0x000006ea       0x30 OWIHighLevelFunctions.o
                0x000006ea                OWI_MatchRom
 .text.OWI_SearchRom
                0x0000071a       0xb8 OWIHighLevelFunctions.o
                0x0000071a                OWI_SearchRom
 .text.OWI_SearchDevices
                0x000007d2       0xde OWIHighLevelFunctions.o
                0x000007d2                OWI_SearchDevices
 .text.OWI_Init
                0x000008b0       0x1a OWISWBitFunctions.o
                0x000008b0                OWI_Init
 .text.OWI_WriteBit1
                0x000008ca       0x34 OWISWBitFunctions.o
                0x000008ca                OWI_WriteBit1
 .text.OWI_WriteBit0
                0x000008fe       0x32 OWISWBitFunctions.o
                0x000008fe                OWI_WriteBit0
 .text.OWI_ReadBit
                0x00000930       0x42 OWISWBitFunctions.o
                0x00000930                OWI_ReadBit
 .text.OWI_DetectPresence
                0x00000972       0x48 OWISWBitFunctions.o
                0x00000972                OWI_DetectPresence
 .text.eeprom_load
                0x000009ba       0xc0 TP-Meter.o
                0x000009ba                eeprom_load
 .text.eeprom_save
                0x00000a7a       0x4c TP-Meter.o
                0x00000a7a                eeprom_save
 .text.symbols_load
                0x00000ac6       0xfa TP-Meter.o
                0x00000ac6                symbols_load
 .text.load_control
                0x00000bc0       0x32 TP-Meter.o
                0x00000bc0                load_control
 .text.startup  0x00000bf2       0x6a TP-Meter.o
                0x00000bf2                startup
 .text.settings
                0x00000c5c      0x146 TP-Meter.o
                0x00000c5c                settings
 .text.values_refresh
                0x00000da2       0xa2 TP-Meter.o
                0x00000da2                values_refresh
 .text.ds18b20_search
                0x00000e44       0x4c TP-Meter.o
                0x00000e44                ds18b20_search
 .text.ds18b20_read_temp
                0x00000e90       0xac TP-Meter.o
                0x00000e90                ds18b20_read_temp
 .text.ds18b20_convert_temp
                0x00000f3c       0x4c TP-Meter.o
                0x00000f3c                ds18b20_convert_temp
 .text.temp_out
                0x00000f88       0x50 TP-Meter.o
                0x00000f88                temp_out
 .text.power_out
                0x00000fd8       0x28 TP-Meter.o
                0x00000fd8                power_out
 .text.time_out
                0x00001000       0x8c TP-Meter.o
                0x00001000                time_out
 .text.display  0x0000108c       0x72 TP-Meter.o
                0x0000108c                display
 .text.calibrate
                0x000010fe       0x40 TP-Meter.o
                0x000010fe                calibrate
 .text.buttons_check
                0x0000113e      0x20c TP-Meter.o
                0x0000113e                buttons_check
 .text.__vector_9
                0x0000134a      0x106 TP-Meter.o
                0x0000134a                __vector_9
 .text.main     0x00001450       0x7a TP-Meter.o
                0x00001450                main
 .text.libgcc.div
                0x000014ca       0x28 c:/program files/atmel/atmel toolchain/avr8 gcc/native/3.4.1061/avr8-gnu-toolchain/bin/../lib/gcc/avr/4.8.1/avr4\libgcc.a(_divmodsi4.o)
                0x000014ca                __divmodsi4
 .text.libgcc.div
                0x000014f2       0x10 c:/program files/atmel/atmel toolchain/avr8 gcc/native/3.4.1061/avr8-gnu-toolchain/bin/../lib/gcc/avr/4.8.1/avr4\libgcc.a(_negsi2.o)
                0x000014f2                __negsi2
 .text.libgcc.mul
                0x00001502       0x18 c:/program files/atmel/atmel toolchain/avr8 gcc/native/3.4.1061/avr8-gnu-toolchain/bin/../lib/gcc/avr/4.8.1/avr4\libgcc.a(_umulhisi3.o)
                0x00001502                __umulhisi3
 .text.libgcc.div
                0x0000151a       0x44 c:/program files/atmel/atmel toolchain/avr8 gcc/native/3.4.1061/avr8-gnu-toolchain/bin/../lib/gcc/avr/4.8.1/avr4\libgcc.a(_udivmodsi4.o)
                0x0000151a                __udivmodsi4
 .text.avr-libc
                0x0000155e       0x10 c:/program files/atmel/atmel toolchain/avr8 gcc/native/3.4.1061/avr8-gnu-toolchain/bin/../lib/gcc/avr/4.8.1/../../../../avr/lib/avr4\libc.a(eerd_byte_atmega8.o)
                0x0000155e                __eerd_byte_m8
 .text.avr-libc
                0x0000156e        0xa c:/program files/atmel/atmel toolchain/avr8 gcc/native/3.4.1061/avr8-gnu-toolchain/bin/../lib/gcc/avr/4.8.1/../../../../avr/lib/avr4\libc.a(eerd_word_atmega8.o)
                0x0000156e                __eerd_word_m8
 .text.avr-libc
                0x00001578       0x1a c:/program files/atmel/atmel toolchain/avr8 gcc/native/3.4.1061/avr8-gnu-toolchain/bin/../lib/gcc/avr/4.8.1/../../../../avr/lib/avr4\libc.a(eewr_byte_atmega8.o)
                0x00001578                __eewr_byte_m8
                0x0000157a                __eewr_r18_m8
 .text.avr-libc
                0x00001592        0x6 c:/program files/atmel/atmel toolchain/avr8 gcc/native/3.4.1061/avr8-gnu-toolchain/bin/../lib/gcc/avr/4.8.1/../../../../avr/lib/avr4\libc.a(eewr_word_atmega8.o)
                0x00001592                __eewr_word_m8
 .text.avr-libc
                0x00001598       0x20 c:/program files/atmel/atmel toolchain/avr8 gcc/native/3.4.1061/avr8-gnu-toolchain/bin/../lib/gcc/avr/4.8.1/../../../../avr/lib/avr4\libc.a(eerd_block_atmega8.o)
                0x00001598                __eerd_block_m8
                0x0000159c                __eerd_blraw_m8
                0x000015b8                . = ALIGN (0x2)
 *(.fini9)
 .fini9         0x000015b8        0x0 c:/program files/atmel/atmel toolchain/avr8 gcc/native/3.4.1061/avr8-gnu-toolchain/bin/../lib/gcc/avr/4.8.1/avr4\libgcc.a(_exit.o)
                0x000015b8                _exit
                0x000015b8                exit
 *(.fini9)
 *(.fini8)
 *(.fini8)
 *(.fini7)
 *(.fini7)
 *(.fini6)
 *(.fini6)
 *(.fini5)
 *(.fini5)
 *(.fini4)
 *(.fini4)
 *(.fini3)
 *(.fini3)
 *(.fini2)
 *(.fini2)
 *(.fini1)
 *(.fini1)
 *(.fini0)
 .fini0         0x000015b8        0x4 c:/program files/atmel/atmel toolchain/avr8 gcc/native/3.4.1061/avr8-gnu-toolchain/bin/../lib/gcc/avr/4.8.1/avr4\libgcc.a(_exit.o)
 *(.fini0)
                0x000015bc                _etext = .

.data           0x00800060       0xba load address 0x000015bc
                0x00800060                PROVIDE (__data_start, .)
 *(.data)
 *(.data*)
 .data.launch   0x00800060        0x1 TP-Meter.o
                0x00800060                launch
 .data.SET_CNT  0x00800061        0x1 TP-Meter.o
                0x00800061                SET_CNT
 *(.rodata)
 .rodata        0x00800062       0x40 TP-Meter.o
 *(.rodata*)
 .rodata.progress_bar
                0x008000a2        0x6 hd44780.o
 .rodata.str1.1
                0x008000a8       0x72 TP-Meter.o
                                 0x80 (size before relaxing)
 *(.gnu.linkonce.d*)
                0x0080011a                . = ALIGN (0x2)
                0x0080011a                _edata = .
                0x0080011a                PROVIDE (__data_end, .)

.bss            0x0080011a       0x35
                0x0080011a                PROVIDE (__bss_start, .)
 *(.bss)
 *(.bss*)
 .bss.current_bar_load
                0x0080011a        0x1 hd44780.o
 .bss.overpower
                0x0080011b        0x1 TP-Meter.o
                0x0080011b                overpower
 .bss.cur_power
                0x0080011c        0x2 TP-Meter.o
                0x0080011c                cur_power
 .bss.CH2_temp  0x0080011e        0x1 TP-Meter.o
                0x0080011e                CH2_temp
 .bss.CH1_temp  0x0080011f        0x1 TP-Meter.o
                0x0080011f                CH1_temp
 .bss.BUZZ_CFG  0x00800120        0x1 TP-Meter.o
                0x00800120                BUZZ_CFG
 .bss.BUZZ_PART
                0x00800121        0x1 TP-Meter.o
                0x00800121                BUZZ_PART
 .bss.BUZZED_TIMES
                0x00800122        0x1 TP-Meter.o
                0x00800122                BUZZED_TIMES
 .bss.timer_mins
                0x00800123        0x1 TP-Meter.o
                0x00800123                timer_mins
 .bss.timer_secs
                0x00800124        0x1 TP-Meter.o
                0x00800124                timer_secs
 .bss.timer_out
                0x00800125        0x1 TP-Meter.o
                0x00800125                timer_out
 .bss.timer_enable
                0x00800126        0x1 TP-Meter.o
                0x00800126                timer_enable
 .bss.timer_counter
                0x00800127        0x2 TP-Meter.o
                0x00800127                timer_counter
 .bss.set_buzzer
                0x00800129        0x1 TP-Meter.o
                0x00800129                set_buzzer
 .bss.set_contrast
                0x0080012a        0x1 TP-Meter.o
                0x0080012a                set_contrast
 .bss.set_light
                0x0080012b        0x1 TP-Meter.o
                0x0080012b                set_light
 .bss.set_timer
                0x0080012c        0x1 TP-Meter.o
                0x0080012c                set_timer
 .bss.set_vtg   0x0080012d        0x1 TP-Meter.o
                0x0080012d                set_vtg
 .bss.set_max_pwr
                0x0080012e        0x2 TP-Meter.o
                0x0080012e                set_max_pwr
 .bss.set_max_tmp
                0x00800130        0x1 TP-Meter.o
                0x00800130                set_max_tmp
 .bss.option    0x00800131        0x1 TP-Meter.o
                0x00800131                option
 .bss.mode      0x00800132        0x1 TP-Meter.o
                0x00800132                mode
 .bss.enable_eegg
                0x00800133        0x1 TP-Meter.o
                0x00800133                enable_eegg
 .bss.dev_num   0x00800134        0x1 TP-Meter.o
                0x00800134                dev_num
 .bss.crcFlag   0x00800135        0x1 TP-Meter.o
                0x00800135                crcFlag
 .bss.searchFlag
                0x00800136        0x1 TP-Meter.o
                0x00800136                searchFlag
 *(COMMON)
 COMMON         0x00800137       0x18 TP-Meter.o
                0x00800137                rom
                0x0080013f                allDevices
                0x0080014f                PROVIDE (__bss_end, .)
                0x000015bc                __data_load_start = LOADADDR (.data)
                0x00001676                __data_load_end = (__data_load_start + SIZEOF (.data))

.noinit         0x0080014f        0x0
                0x0080014f                PROVIDE (__noinit_start, .)
 *(.noinit*)
                0x0080014f                PROVIDE (__noinit_end, .)
                0x0080014f                _end = .
                0x0080014f                PROVIDE (__heap_start, .)

.eeprom         0x00810000        0x9
 *(.eeprom*)
 .eeprom        0x00810000        0x9 TP-Meter.o
                0x00810000                ee_first_run
                0x00810001                ee_set_buzzer
                0x00810002                ee_set_contrast
                0x00810003                ee_set_light
                0x00810004                ee_set_timer
                0x00810005                ee_set_vtg
                0x00810006                ee_set_max_pwr
                0x00810008                ee_set_max_tmp
                0x00810009                __eeprom_end = .

.fuse
 *(.fuse)
 *(.lfuse)
 *(.hfuse)
 *(.efuse)

.lock
 *(.lock*)

.signature
 *(.signature*)

.user_signatures
 *(.user_signatures*)

.stab
 *(.stab)

.stabstr
 *(.stabstr)

.stab.excl
 *(.stab.excl)

.stab.exclstr
 *(.stab.exclstr)

.stab.index
 *(.stab.index)

.stab.indexstr
 *(.stab.indexstr)

.comment        0x00000000       0x30
 *(.comment)
 .comment       0x00000000       0x30 hd44780.o
                                 0x31 (size before relaxing)
 .comment       0x00000000       0x31 OWIcrc.o
 .comment       0x00000000       0x31 OWIHighLevelFunctions.o
 .comment       0x00000000       0x31 OWISWBitFunctions.o
 .comment       0x00000000       0x31 TP-Meter.o

.note.gnu.build-id
 *(.note.gnu.build-id)

.debug
 *(.debug)

.line
 *(.line)

.debug_srcinfo
 *(.debug_srcinfo)

.debug_sfnames
 *(.debug_sfnames)

.debug_aranges  0x00000000      0x248
 *(.debug_aranges)
 .debug_aranges
                0x00000000       0xc8 hd44780.o
 .debug_aranges
                0x000000c8       0x38 OWIcrc.o
 .debug_aranges
                0x00000100       0x58 OWIHighLevelFunctions.o
 .debug_aranges
                0x00000158       0x40 OWISWBitFunctions.o
 .debug_aranges
                0x00000198       0xb0 TP-Meter.o

.debug_pubnames
 *(.debug_pubnames)

.debug_info     0x00000000     0x2e29
 *(.debug_info .gnu.linkonce.wi.*)
 .debug_info    0x00000000      0xa8c hd44780.o
 .debug_info    0x00000a8c      0x1c0 OWIcrc.o
 .debug_info    0x00000c4c      0x582 OWIHighLevelFunctions.o
 .debug_info    0x000011ce      0x43b OWISWBitFunctions.o
 .debug_info    0x00001609     0x1820 TP-Meter.o

.debug_abbrev   0x00000000      0x8ad
 *(.debug_abbrev)
 .debug_abbrev  0x00000000      0x1a1 hd44780.o
 .debug_abbrev  0x000001a1       0xbf OWIcrc.o
 .debug_abbrev  0x00000260      0x1e5 OWIHighLevelFunctions.o
 .debug_abbrev  0x00000445      0x13f OWISWBitFunctions.o
 .debug_abbrev  0x00000584      0x329 TP-Meter.o

.debug_line     0x00000000      0xc61
 *(.debug_line .debug_line.* .debug_line_end)
 .debug_line    0x00000000      0x33b hd44780.o
 .debug_line    0x0000033b       0xa7 OWIcrc.o
 .debug_line    0x000003e2      0x1a2 OWIHighLevelFunctions.o
 .debug_line    0x00000584      0x1ec OWISWBitFunctions.o
 .debug_line    0x00000770      0x4f1 TP-Meter.o

.debug_frame    0x00000000      0x6d4
 *(.debug_frame)
 .debug_frame   0x00000000      0x258 hd44780.o
 .debug_frame   0x00000258       0x94 OWIcrc.o
 .debug_frame   0x000002ec      0x158 OWIHighLevelFunctions.o
 .debug_frame   0x00000444       0x64 OWISWBitFunctions.o
 .debug_frame   0x000004a8      0x22c TP-Meter.o

.debug_str      0x00000000      0x816
 *(.debug_str)
 .debug_str     0x00000000      0x2ac hd44780.o
                                0x2eb (size before relaxing)
 .debug_str     0x000002ac       0x84 OWIcrc.o
                                0x1ae (size before relaxing)
 .debug_str     0x00000330      0x166 OWIHighLevelFunctions.o
                                0x2b7 (size before relaxing)
 .debug_str     0x00000496       0x95 OWISWBitFunctions.o
                                0x1fd (size before relaxing)
 .debug_str     0x0000052b      0x2eb TP-Meter.o
                                0x5f8 (size before relaxing)

.debug_loc      0x00000000     0x1fe6
 *(.debug_loc)
 .debug_loc     0x00000000      0x919 hd44780.o
 .debug_loc     0x00000919      0x38c OWIcrc.o
 .debug_loc     0x00000ca5      0xa6d OWIHighLevelFunctions.o
 .debug_loc     0x00001712      0x126 OWISWBitFunctions.o
 .debug_loc     0x00001838      0x7ae TP-Meter.o

.debug_macinfo
 *(.debug_macinfo)

.debug_weaknames
 *(.debug_weaknames)

.debug_funcnames
 *(.debug_funcnames)

.debug_typenames
 *(.debug_typenames)

.debug_varnames
 *(.debug_varnames)

.debug_pubtypes
 *(.debug_pubtypes)

.debug_ranges   0x00000000      0x1f8
 *(.debug_ranges)
 .debug_ranges  0x00000000       0xb8 hd44780.o
 .debug_ranges  0x000000b8       0x28 OWIcrc.o
 .debug_ranges  0x000000e0       0x48 OWIHighLevelFunctions.o
 .debug_ranges  0x00000128       0x30 OWISWBitFunctions.o
 .debug_ranges  0x00000158       0xa0 TP-Meter.o

.debug_macro
 *(.debug_macro)
OUTPUT(TP-Meter.elf elf32-avr)
LOAD linker stubs
